2026-09-09T19:14:02Z INF Thank you for trying Cloudflare Tunnel. Doing so, without a Cloudflare account, is a quick way to experiment and try it out. However, be aware that these account-less Tunnels have no uptime guarantee, are subject to the Cloudflare Online Services Terms of Use (https://www.cloudflare.com/website-terms/), and Cloudflare reserves the right to investigate your use of Tunnels for violations of such terms. If you intend to use Tunnels in production you should use a pre-created named tunnel by following: https://developers.cloudflare.com/cloudflare-one/connections/connect-apps
2026-09-09T19:14:02Z INF Requesting new quick Tunnel on trycloudflare.com...
2026-09-09T19:14:06Z INF +--------------------------------------------------------------------------------------------+
2026-09-09T19:14:06Z INF |  Your quick Tunnel has been created! Visit it at (it may take some time to be reachable):  |
2026-09-09T19:14:06Z INF |  https://appraisal-basically-rubber-jones.trycloudflare.com                                |
2026-09-09T19:14:06Z INF +--------------------------------------------------------------------------------------------+
2026-09-09T19:14:06Z INF Cannot determine default configuration path. No file [config.yml config.yaml] in [~/.cloudflared ~/.cloudflare-warp ~/cloudflare-warp /etc/cloudflared /usr/local/etc/cloudflared]
2026-09-09T19:14:06Z INF Version 2026.8.3 (Checksum f29324fe934d1e100617484c78deef803c4dc2cd351d645bbde42e96b4fccc5e)
2026-09-09T19:14:06Z INF GOOS: linux, GOVersion: go1.26.4, GoArch: amd64
2026-09-09T19:14:06Z INF Settings: map[ha-connections:1 protocol:quic url:http://localhost:8501]
2026-09-09T19:14:06Z INF Autoupdate frequency is set autoupdateFreq=86400000
2026-09-09T19:14:06Z INF Generated Connector ID: 3b65fff0-687a-441d-a819-111f70c734af
2026-09-09T19:14:06Z INF Initial protocol quic
2026-09-09T19:14:06Z INF ICMP proxy will use 172.28.0.12 as source for IPv4
2026-09-09T19:14:06Z INF ICMP proxy will use ::1 in zone lo as source for IPv6
2026/09/09 19:14:06 failed to sufficiently increase receive buffer size (was: 208 kiB, wanted: 7168 kiB, got: 416 kiB). See https://github.com/quic-go/quic-go/wiki/UDP-Buffer-Sizes for details.
2026-09-09T19:14:06Z INF ICMP proxy will use 172.28.0.12 as source for IPv4
2026-09-09T19:14:06Z INF ICMP proxy will use ::1 in zone lo as source for IPv6
2026-09-09T19:14:06Z INF Starting metrics server on 127.0.0.1:20241/metrics
2026-09-09T19:14:06Z INF Tunnel connection curve preferences: [X25519MLKEM768 CurveID(65074) CurveP256] connIndex=0 event=0 ip=198.41.200.53
2026-09-09T19:14:06Z INF Registered tunnel connection connIndex=0 connection=fdd6ea75-42ef-48b9-acf5-6953d38d4d45 event=0 ip=198.41.200.53 location=ord12 protocol=quic
2026-09-09T19:14:12Z INF +-------------------------------------------------------------------------------------+
2026-09-09T19:14:12Z INF |                               CONNECTIVITY PRE-CHECKS                               |
2026-09-09T19:14:12Z INF +-------------------------------------------------------------------------------------+
2026-09-09T19:14:12Z INF |  COMPONENT         TARGET                     STATUS  DETAILS                       |
2026-09-09T19:14:12Z INF |  DNS Resolution    region1.v2.argotunnel.com  PASS    DNS Resolved successfully     |
2026-09-09T19:14:12Z INF |  DNS Resolution    region2.v2.argotunnel.com  PASS    DNS Resolved successfully     |
2026-09-09T19:14:12Z INF |  UDP Connectivity  region1.v2.argotunnel.com  PASS    QUIC connection successful    |
2026-09-09T19:14:12Z INF |  UDP Connectivity  region2.v2.argotunnel.com  PASS    QUIC connection successful    |
2026-09-09T19:14:12Z INF |  TCP Connectivity  region1.v2.argotunnel.com  PASS    HTTP/2 connection successful  |
2026-09-09T19:14:12Z INF |  TCP Connectivity  region2.v2.argotunnel.com  PASS    HTTP/2 connection successful  |
2026-09-09T19:14:12Z INF |  Cloudflare API    api.cloudflare.com:443     PASS    API is reachable              |
2026-09-09T19:14:12Z INF |                                                                                     |
2026-09-09T19:14:12Z INF |  SUMMARY: Environment is healthy. cloudflared will use 'quic' as primary protocol.  |
2026-09-09T19:14:12Z INF +-------------------------------------------------------------------------------------+
2026-09-09T19:14:12Z INF precheck component="DNS Resolution" details="DNS Resolved successfully" run_id=5bf0ee55-701a-4c6b-8c39-5b36bda7bcae status=pass target=region1.v2.argotunnel.com
2026-09-09T19:14:12Z INF precheck component="DNS Resolution" details="DNS Resolved successfully" run_id=5bf0ee55-701a-4c6b-8c39-5b36bda7bcae status=pass target=region2.v2.argotunnel.com
2026-09-09T19:14:12Z INF precheck component="UDP Connectivity" details="QUIC connection successful" run_id=5bf0ee55-701a-4c6b-8c39-5b36bda7bcae status=pass target=region1.v2.argotunnel.com
2026-09-09T19:14:12Z INF precheck component="UDP Connectivity" details="QUIC connection successful" run_id=5bf0ee55-701a-4c6b-8c39-5b36bda7bcae status=pass target=region2.v2.argotunnel.com
2026-09-09T19:14:12Z INF precheck component="TCP Connectivity" details="HTTP/2 connection successful" run_id=5bf0ee55-701a-4c6b-8c39-5b36bda7bcae status=pass target=region1.v2.argotunnel.com
2026-09-09T19:14:12Z INF precheck component="TCP Connectivity" details="HTTP/2 connection successful" run_id=5bf0ee55-701a-4c6b-8c39-5b36bda7bcae status=pass target=region2.v2.argotunnel.com
2026-09-09T19:14:12Z INF precheck component="Cloudflare API" details="API is reachable" run_id=5bf0ee55-701a-4c6b-8c39-5b36bda7bcae status=pass target=api.cloudflare.com:443
2026-09-09T19:14:12Z INF precheck complete hard_fail=false run_id=5bf0ee55-701a-4c6b-8c39-5b36bda7bcae suggested_protocol=quic
